WARNING 12-05 17:53:37 [_attention_dispatch.py:343] Re-registered NATIVE attention backend to enable context parallelism with attn mask. You can disable this behavior by export env: export CACHE_DIT_ENABLE_CUSTOM_CP_NATIVE_ATTN_DISPATCH=0.
INFO 12-05 17:53:37 [_attention_dispatch.py:456] Registered new attention backend: _SDPA_CUDNN, to enable context parallelism with attn mask. You can disable it by: export CACHE_DIT_ENABLE_CUSTOM_CP_NATIVE_ATTN_DISPATCH=0.
[12-05 17:53:38] server_args: {"model_path": "/tmp/huggingface.co/Tongyi-MAI/Z-Image-Turbo", "attention_backend": null, "mode": "inference", "workload_type": "t2v", "cache_strategy": "none", "distributed_executor_backend": "mp", "nccl_port": null, "trust_remote_code": false, "revision": null, "num_gpus": 1, "tp_size": 1, "sp_degree": 1, "ulysses_degree": 1, "ring_degree": 1, "dp_size": 1, "dp_degree": 1, "enable_cfg_parallel": false, "hsdp_replicate_dim": 1, "hsdp_shard_dim": 1, "dist_timeout": null, "lora_path": null, "lora_nickname": "default", "vae_path": null, "lora_target_modules": null, "output_type": "pil", "dit_cpu_offload": true, "use_fsdp_inference": false, "text_encoder_cpu_offload": true, "image_encoder_cpu_offload": true, "vae_cpu_offload": true, "pin_cpu_memory": true, "mask_strategy_file_path": null, "STA_mode": "STA_inference", "skip_time_steps": 15, "enable_torch_compile": false, "disable_autocast": false, "VSA_sparsity": 0.0, "moba_config_path": null, "moba_config": {}, "master_port": 30006, "host": null, "port": null, "scheduler_port": 5584, "enable_stage_verification": true, "prompt_file_path": null, "model_paths": {}, "model_loaded": {"transformer": true, "vae": true}, "override_transformer_cls_name": null, "boundary_ratio": null, "log_level": "info"}
[12-05 17:53:38] Local mode: True
[12-05 17:53:38] Starting server...
WARNING 12-05 17:53:43 [_attention_dispatch.py:343] Re-registered NATIVE attention backend to enable context parallelism with attn mask. You can disable this behavior by export env: export CACHE_DIT_ENABLE_CUSTOM_CP_NATIVE_ATTN_DISPATCH=0.
INFO 12-05 17:53:43 [_attention_dispatch.py:456] Registered new attention backend: _SDPA_CUDNN, to enable context parallelism with attn mask. You can disable it by: export CACHE_DIT_ENABLE_CUSTOM_CP_NATIVE_ATTN_DISPATCH=0.
[12-05 17:53:44] Scheduler bind at endpoint: tcp://localhost:5584
[12-05 17:53:44] Initializing distributed environment with world_size=1, device=cuda:0
[Gloo] Rank 0 is connected to 0 peer ranks. Expected number of connected peer ranks is : 0
[Gloo] Rank 0 is connected to 0 peer ranks. Expected number of connected peer ranks is : 0
[Gloo] Rank 0 is connected to 0 peer ranks. Expected number of connected peer ranks is : 0
[Gloo] Rank 0 is connected to 0 peer ranks. Expected number of connected peer ranks is : 0
[Gloo] Rank 0 is connected to 0 peer ranks. Expected number of connected peer ranks is : 0
[Gloo] Rank 0 is connected to 0 peer ranks. Expected number of connected peer ranks is : 0
[Gloo] Rank 0 is connected to 0 peer ranks. Expected number of connected peer ranks is : 0
[12-05 17:53:48] Diffusers version: 0.36.0.dev0
[12-05 17:53:48] Found model info: ModelInfo(pipeline_cls=<class 'sglang.multimodal_gen.runtime.pipelines.zimage_pipeline.ZImagePipeline'>, sampling_param_cls=<class 'sglang.multimodal_gen.configs.sample.zimage.ZImageSamplingParams'>, pipeline_config_cls=<class 'sglang.multimodal_gen.configs.pipeline_configs.zimage.ZImagePipelineConfig'>)
[12-05 17:53:48] Loading pipeline modules...
[12-05 17:53:48] Model already exists locally
[12-05 17:53:48] Model path: /tmp/huggingface.co/Tongyi-MAI/Z-Image-Turbo
[12-05 17:53:48] Diffusers version: 0.36.0.dev0
[12-05 17:53:48] Loading pipeline modules from config: {'_class_name': 'ZImagePipeline', '_diffusers_version': '0.36.0.dev0', 'scheduler': ['diffusers', 'FlowMatchEulerDiscreteScheduler'], 'text_encoder': ['transformers', 'Qwen3Model'], 'tokenizer': ['transformers', 'Qwen2Tokenizer'], 'transformer': ['diffusers', 'ZImageTransformer2DModel'], 'vae': ['diffusers', 'AutoencoderKL']}
[12-05 17:53:48] Loading required components: ['text_encoder', 'tokenizer', 'vae', 'transformer', 'scheduler']
Set TORCH_CUDA_ARCH_LIST to 9.0
Loading required modules:   0%|          | 0/5 [00:00<?, ?it/s][12-05 17:53:48] Loading text_encoder using transformers from /tmp/huggingface.co/Tongyi-MAI/Z-Image-Turbo/text_encoder
[12-05 17:53:48] Loading text_encoder from /tmp/huggingface.co/Tongyi-MAI/Z-Image-Turbo/text_encoder
[12-05 17:53:48] HF model config: {'bos_token_id': 151643, 'do_sample': True, 'eos_token_id': 151645, 'pad_token_id': 151643, 'temperature': 0.6, 'top_k': 20, 'top_p': 0.95, 'architectures': ['Qwen3ForCausalLM'], 'attention_bias': False, 'attention_dropout': 0.0, 'head_dim': 128, 'hidden_act': 'silu', 'hidden_size': 2560, 'initializer_range': 0.02, 'intermediate_size': 9728, 'max_position_embeddings': 40960, 'max_window_layers': 36, 'num_attention_heads': 32, 'num_hidden_layers': 36, 'num_key_value_heads': 8, 'rms_norm_eps': 1e-06, 'rope_scaling': None, 'rope_theta': 1000000, 'sliding_window': None, 'tie_word_embeddings': True, 'use_cache': True, 'use_sliding_window': False, 'vocab_size': 151936}

Loading checkpoint shards:   0%|          | 0/3 [00:00<?, ?it/s][A
Loading checkpoint shards:  33%|███▎      | 1/3 [00:00<00:01,  1.58it/s][A
Loading checkpoint shards:  67%|██████▋   | 2/3 [00:01<00:00,  1.60it/s][ALoading checkpoint shards: 100%|██████████| 3/3 [00:01<00:00,  2.37it/s]
[12-05 17:53:55] Native module text_encoder: Qwen3Model is loaded, performance may be sub-optimal
[12-05 17:53:55] Loaded text_encoder: Qwen3Model from: native
[12-05 17:53:55] Loaded module text_encoder from /tmp/huggingface.co/Tongyi-MAI/Z-Image-Turbo/text_encoder
Loading required modules:  20%|██        | 1/5 [00:06<00:27,  6.80s/it][12-05 17:53:55] Loading tokenizer using transformers from /tmp/huggingface.co/Tongyi-MAI/Z-Image-Turbo/tokenizer
[12-05 17:53:55] Loading tokenizer from /tmp/huggingface.co/Tongyi-MAI/Z-Image-Turbo/tokenizer
[12-05 17:53:56] Loaded tokenizer: Qwen2TokenizerFast from: customized
[12-05 17:53:56] Loaded module tokenizer from /tmp/huggingface.co/Tongyi-MAI/Z-Image-Turbo/tokenizer
Loading required modules:  40%|████      | 2/5 [00:07<00:08,  2.96s/it][12-05 17:53:56] Loading vae using diffusers from /tmp/huggingface.co/Tongyi-MAI/Z-Image-Turbo/vae
[12-05 17:53:56] Loading vae from /tmp/huggingface.co/Tongyi-MAI/Z-Image-Turbo/vae
[12-05 17:53:56] HF model config: {'_name_or_path': 'flux-dev', 'act_fn': 'silu', 'block_out_channels': [128, 256, 512, 512], 'down_block_types': ['DownEncoderBlock2D', 'DownEncoderBlock2D', 'DownEncoderBlock2D', 'DownEncoderBlock2D'], 'force_upcast': True, 'in_channels': 3, 'latent_channels': 16, 'latents_mean': None, 'latents_std': None, 'layers_per_block': 2, 'mid_block_add_attention': True, 'norm_num_groups': 32, 'out_channels': 3, 'sample_size': 1024, 'scaling_factor': 0.3611, 'shift_factor': 0.1159, 'up_block_types': ['UpDecoderBlock2D', 'UpDecoderBlock2D', 'UpDecoderBlock2D', 'UpDecoderBlock2D'], 'use_post_quant_conv': False, 'use_quant_conv': False}
[12-05 17:53:56] Loaded vae: AutoencoderKL from: customized
[12-05 17:53:56] Loaded module vae from /tmp/huggingface.co/Tongyi-MAI/Z-Image-Turbo/vae
[12-05 17:53:56] Loading transformer using diffusers from /tmp/huggingface.co/Tongyi-MAI/Z-Image-Turbo/transformer
[12-05 17:53:56] Loading transformer from /tmp/huggingface.co/Tongyi-MAI/Z-Image-Turbo/transformer
[12-05 17:53:56] transformer cls_name: ZImageTransformer2DModel
[12-05 17:53:56] Loading model from 3 safetensors files: ['/tmp/huggingface.co/Tongyi-MAI/Z-Image-Turbo/transformer/diffusion_pytorch_model-00001-of-00003.safetensors', '/tmp/huggingface.co/Tongyi-MAI/Z-Image-Turbo/transformer/diffusion_pytorch_model-00002-of-00003.safetensors', '/tmp/huggingface.co/Tongyi-MAI/Z-Image-Turbo/transformer/diffusion_pytorch_model-00003-of-00003.safetensors']
[12-05 17:53:56] Loading ZImageTransformer2DModel, default_dtype: torch.bfloat16
[12-05 17:53:56] Using FlashAttention (FA3 for hopper, FA4 for blackwell) backend

Loading safetensors checkpoint shards:   0% Completed | 0/3 [00:00<?, ?it/s]
[ALoading safetensors checkpoint shards: 100% Completed | 3/3 [00:00<00:00, 332.65it/s]

[12-05 17:54:00] Loaded model with 6.15B parameters
[12-05 17:54:00] Loaded transformer: ZImageTransformer2DModel from: customized
[12-05 17:54:00] Loaded module transformer from /tmp/huggingface.co/Tongyi-MAI/Z-Image-Turbo/transformer
Loading required modules:  80%|████████  | 4/5 [00:11<00:02,  2.57s/it][12-05 17:54:00] Loading scheduler using diffusers from /tmp/huggingface.co/Tongyi-MAI/Z-Image-Turbo/scheduler
[12-05 17:54:00] Loading scheduler from /tmp/huggingface.co/Tongyi-MAI/Z-Image-Turbo/scheduler
[12-05 17:54:00] Loaded scheduler: FlowMatchEulerDiscreteScheduler from: customized
[12-05 17:54:00] Loaded module scheduler from /tmp/huggingface.co/Tongyi-MAI/Z-Image-Turbo/scheduler
Loading required modules: 100%|██████████| 5/5 [00:11<00:00,  2.35s/it]
[12-05 17:54:00] Pipelines instantiated
[12-05 17:54:00] Worker 0: Initialized device, model, and distributed environment.
[12-05 17:54:00] Worker 0: Scheduler loop started.
[12-05 17:54:00] Rank 0 scheduler listening on tcp://*:5584
[12-05 17:54:00] Sampling params:
                       width: 512
                      height: 512
                  num_frames: 1
                      prompt: A futuristic cityscape at sunset with flying cars
                  neg_prompt: None
                        seed: 1024
                 infer_steps: 9
      num_outputs_per_prompt: 1
              guidance_scale: 0.0
     embedded_guidance_scale: 6.0
                    n_tokens: 4096
                  flow_shift: None
                  image_path: None
                 save_output: True
            output_file_path: outputs/zimage_no_cache.png
        
[12-05 17:54:00] Processing prompt 1/1: A futuristic cityscape at sunset with flying cars
[12-05 17:54:00] Creating pipeline stages...
[12-05 17:54:00] Using FlashAttention (FA3 for hopper, FA4 for blackwell) backend
[12-05 17:54:00] Running pipeline stages: ['input_validation_stage', 'prompt_encoding_stage_primary', 'conditioning_stage', 'timestep_preparation_stage', 'latent_preparation_stage', 'denoising_stage', 'decoding_stage']
[12-05 17:54:00] [InputValidationStage] started...
[12-05 17:54:00] [InputValidationStage] finished in 0.0001 seconds
[12-05 17:54:00] [TextEncodingStage] started...
[12-05 17:54:01] [TextEncodingStage] finished in 0.3659 seconds
[12-05 17:54:01] [ConditioningStage] started...
[12-05 17:54:01] [ConditioningStage] finished in 0.0001 seconds
[12-05 17:54:01] [TimestepPreparationStage] started...
[12-05 17:54:01] [TimestepPreparationStage] finished in 0.0181 seconds
[12-05 17:54:01] [LatentPreparationStage] started...
[12-05 17:54:01] [LatentPreparationStage] finished in 0.0010 seconds
[12-05 17:54:01] [DenoisingStage] started...
  0%|          | 0/9 [00:00<?, ?it/s] 11%|█         | 1/9 [00:02<00:23,  2.94s/it] 33%|███▎      | 3/9 [00:03<00:04,  1.24it/s] 56%|█████▌    | 5/9 [00:03<00:01,  2.24it/s] 67%|██████▋   | 6/9 [00:03<00:01,  2.82it/s] 78%|███████▊  | 7/9 [00:03<00:00,  3.49it/s] 89%|████████▉ | 8/9 [00:03<00:00,  4.24it/s]100%|██████████| 9/9 [00:03<00:00,  5.03it/s]100%|██████████| 9/9 [00:03<00:00,  2.43it/s]
[12-05 17:54:04] [DenoisingStage] average time per step: 0.4109 seconds
[12-05 17:54:04] [DenoisingStage] finished in 3.7047 seconds
[12-05 17:54:04] [DecodingStage] started...
[12-05 17:54:05] [DecodingStage] finished in 0.3892 seconds
[12-05 17:54:05] Saved output to outputs/zimage_no_cache.png
[12-05 17:54:05] Pixel data generated successfully in 4.63 seconds
[12-05 17:54:05] Completed batch processing. Generated 1 outputs in 4.63 seconds.
[12-05 17:54:05] Generator was garbage collected without being shut down. Attempting to shut down the local server and client.
[Performance] Metrics dumped to: /home/hadoop-scale-pmf/sgld_benchmark/perf_dump_zimage_no_cache.json
/usr/lib/python3.12/multiprocessing/resource_tracker.py:279: UserWarning: resource_tracker: There appear to be 1 leaked semaphore objects to clean up at shutdown
  warnings.warn('resource_tracker: There appear to be %d '
